






amet
amet
amet 
cursus
dictum 
justo 
laoreet 
sit 
sit 
sit 